Menu:
	r to find a route
	b to see a list of all buildings
	q to quit

Enter an option ('m' to see the menu): # Test the program has the correct output for unknown command
Unknown option

Enter an option ('m' to see the menu): 
# complete this test