Menu:
	r to find a route
	b to see a list of all buildings
	q to quit

Enter an option ('m' to see the menu): # Test the program has the correct output for unknown buildings
Abbreviated name of starting building: Abbreviated name of ending building: Unknown building: UNKNOWN

Enter an option ('m' to see the menu): 
Abbreviated name of starting building: Abbreviated name of ending building: Unknown building: UNKNOWN

Enter an option ('m' to see the menu): 
Abbreviated name of starting building: Abbreviated name of ending building: Unknown building: UNKNOWN
Unknown building: UNKNOWN

Enter an option ('m' to see the menu): 
# complete this test