Menu:
	r to find a route
	b to see a list of all buildings
	q to quit

Enter an option ('m' to see the menu): # Test the program can find the correct path from a certain building to itself
Abbreviated name of starting building: Abbreviated name of ending building: Path from Music Building (Northwest Entrance) to Music Building (Northwest Entrance): 
Total distance: 0 feet

Enter an option ('m' to see the menu): 
# complete this test