Menu:
	r to find a route
	b to see a list of all buildings
	q to quit

Enter an option ('m' to see the menu): # Test the program can print the menu of commands
Menu:
	r to find a route
	b to see a list of all buildings
	q to quit

Enter an option ('m' to see the menu):
# complete this test