# Specification testing file.
# Tests that a graph can be created, multiple of nodes and
# can be added, and all added nodes should be printed out.


# Create a graph
created graph graph1

# Add multiple nodes
added node n1 to graph1
added node n2 to graph1
added node n3 to graph1
added node n4 to graph1
added node n5 to graph1
added node n6 to graph1
added node n7 to graph1

# Print the nodes in the graph
graph1 contains: n1 n2 n3 n4 n5 n6 n7