# Find a path using the LOLDictionary dataSet.
# This test uses both the parser and BFS algorithm in the MarvelPaths
# class and applies to a targeted dataset. This test is for the
# unknown characters case.

loaded graph dictionary

unknown character UNKNOWN

unknown character UNKNOWN

unknown character UNKNOWN A
unknown character UNKNOWN B